[2025-12-16 17:09:27] Incoming: {"payeeProxyId":"099400258783792","payeeProxyType":"BILLERID","payeeAccountNumber":"5663044095","payeeName":"FACULTY OF NURSING CMU","payerAccountNumber":"5662488652","payerAccountName":"พัชรพล ปิงยศ","payerName":"พัชรพล ปิงยศ","sendingBankCode":"014","receivingBankCode":"014","amount":"2000.00","transactionId":"53a2d569b8d5418a96c77507393d4b9a","transactionDateandTime":"2025-11-04T09:39:56.597+07:00","billPaymentRef1":"256812120700217","billPaymentRef2":"1500701252395","currencyCode":"764","channelCode":"PMH","transactionType":"Domestic Transfers"}
[2025-12-16 17:09:27] API Response (HTTP 405): {
    "success": false,
    "error": {
        "code": "METHOD_NOT_ALLOWED",
        "message": "Method not allowed"
    }
}
[2025-12-16 17:10:08] Incoming: {"payeeProxyId":"099400258783792","payeeProxyType":"BILLERID","payeeAccountNumber":"5663044095","payeeName":"FACULTY OF NURSING CMU","payerAccountNumber":"5662488652","payerAccountName":"พัชรพล ปิงยศ","payerName":"พัชรพล ปิงยศ","sendingBankCode":"014","receivingBankCode":"014","amount":"2000.00","transactionId":"53a2d569b8d5418a96c77507393d4b9a","transactionDateandTime":"2025-11-04T09:39:56.597+07:00","billPaymentRef1":"256812120700217","billPaymentRef2":"1500701252395","currencyCode":"764","channelCode":"PMH","transactionType":"Domestic Transfers"}
[2025-12-16 17:10:08] API Response (HTTP 200): {
    "resCode": "02",
    "resDesc": "Ref1 not found",
    "transactionId": "53a2d569b8d5418a96c77507393d4b9a",
    "confirmId": null
}
[2025-12-16 17:10:46] Incoming: {"payeeProxyId":"099400258783792","payeeProxyType":"BILLERID","payeeAccountNumber":"5663044095","payeeName":"FACULTY OF NURSING CMU","payerAccountNumber":"5662488652","payerAccountName":"พัชรพล ปิงยศ","payerName":"พัชรพล ปิงยศ","sendingBankCode":"014","receivingBankCode":"014","amount":"100.00","transactionId":"53a2d569b8d5418a96c77507393d4b9a","transactionDateandTime":"2025-11-04T09:39:56.597+07:00","billPaymentRef1":"256812120728465","billPaymentRef2":"1500701252395","currencyCode":"764","channelCode":"PMH","transactionType":"Domestic Transfers"}
[2025-12-16 17:10:47] API Response (HTTP 200): {
    "resCode": "00",
    "resDesc": "success",
    "transactionId": "53a2d569b8d5418a96c77507393d4b9a",
    "confirmId": "CNF202512161710475130"
}
[2025-12-16 17:11:39] Incoming: {"payeeProxyId":"099400258783792","payeeProxyType":"BILLERID","payeeAccountNumber":"5663044095","payeeName":"FACULTY OF NURSING CMU","payerAccountNumber":"5662488652","payerAccountName":"พัชรพล ปิงยศ","payerName":"พัชรพล ปิงยศ","sendingBankCode":"014","receivingBankCode":"014","amount":"5000.00","transactionId":"53a2d569b8d5418a96c77507393d4b9a","transactionDateandTime":"2025-11-04T09:39:56.597+07:00","billPaymentRef1":"256812120724307","billPaymentRef2":"1500701252395","currencyCode":"764","channelCode":"PMH","transactionType":"Domestic Transfers"}
[2025-12-16 17:11:39] API Response (HTTP 200): {
    "resCode": "00",
    "resDesc": "success",
    "transactionId": "53a2d569b8d5418a96c77507393d4b9a",
    "confirmId": "CNF202512161710475130"
}
[2025-12-16 17:12:10] Incoming: {"payeeProxyId":"099400258783792","payeeProxyType":"BILLERID","payeeAccountNumber":"5663044095","payeeName":"FACULTY OF NURSING CMU","payerAccountNumber":"5662488652","payerAccountName":"พัชรพล ปิงยศ","payerName":"พัชรพล ปิงยศ","sendingBankCode":"014","receivingBankCode":"014","amount":"5000.00","transactionId":"53a2d569b8d5418a96c77507393d4b9a","transactionDateandTime":"2025-11-04T09:39:56.597+07:00","billPaymentRef1":"256812120724307","billPaymentRef2":"1500701252395","currencyCode":"764","channelCode":"PMH","transactionType":"Domestic Transfers"}
[2025-12-16 17:12:10] API Response (HTTP 200): {
    "resCode": "00",
    "resDesc": "success",
    "transactionId": "53a2d569b8d5418a96c77507393d4b9a",
    "confirmId": "CNF202512161710475130"
}
[2025-12-16 17:12:27] Incoming: {"payeeProxyId":"099400258783792","payeeProxyType":"BILLERID","payeeAccountNumber":"5663044095","payeeName":"FACULTY OF NURSING CMU","payerAccountNumber":"5662488652","payerAccountName":"พัชรพล ปิงยศ","payerName":"พัชรพล ปิงยศ","sendingBankCode":"014","receivingBankCode":"014","amount":"5,000.00","transactionId":"53a2d569b8d5418a96c77507393d4b9a","transactionDateandTime":"2025-11-04T09:39:56.597+07:00","billPaymentRef1":"256812120724307","billPaymentRef2":"1500701252395","currencyCode":"764","channelCode":"PMH","transactionType":"Domestic Transfers"}
[2025-12-16 17:12:27] API Response (HTTP 200): {
    "resCode": "00",
    "resDesc": "success",
    "transactionId": "53a2d569b8d5418a96c77507393d4b9a",
    "confirmId": "CNF202512161710475130"
}
[2025-12-16 17:12:40] Incoming: {"payeeProxyId":"099400258783792","payeeProxyType":"BILLERID","payeeAccountNumber":"5663044095","payeeName":"FACULTY OF NURSING CMU","payerAccountNumber":"5662488652","payerAccountName":"พัชรพล ปิงยศ","payerName":"พัชรพล ปิงยศ","sendingBankCode":"014","receivingBankCode":"014","amount":"5000.00","transactionId":"53a2d569b8d5418a96c77507393d4b9a","transactionDateandTime":"2025-11-04T09:39:56.597+07:00","billPaymentRef1":"256812120724307","billPaymentRef2":"1500701252395","currencyCode":"764","channelCode":"PMH","transactionType":"Domestic Transfers"}
[2025-12-16 17:12:40] API Response (HTTP 200): {
    "resCode": "00",
    "resDesc": "success",
    "transactionId": "53a2d569b8d5418a96c77507393d4b9a",
    "confirmId": "CNF202512161710475130"
}
[2025-12-16 17:13:11] Incoming: {"payeeProxyId":"099400258783792","payeeProxyType":"BILLERID","payeeAccountNumber":"5663044095","payeeName":"FACULTY OF NURSING CMU","payerAccountNumber":"5662488652","payerAccountName":"พัชรพล ปิงยศ","payerName":"พัชรพล ปิงยศ","sendingBankCode":"014","receivingBankCode":"014","amount":"100.00","transactionId":"53a2d569b8d5418a96c77507393d4b9a","transactionDateandTime":"2025-11-04T09:39:56.597+07:00","billPaymentRef1":"256812120687951","billPaymentRef2":"1500701252395","currencyCode":"764","channelCode":"PMH","transactionType":"Domestic Transfers"}
[2025-12-16 17:13:11] API Response (HTTP 200): {
    "resCode": "00",
    "resDesc": "success",
    "transactionId": "53a2d569b8d5418a96c77507393d4b9a",
    "confirmId": "CNF202512161710475130"
}
[2025-12-16 17:13:25] Incoming: {"payeeProxyId":"099400258783792","payeeProxyType":"BILLERID","payeeAccountNumber":"5663044095","payeeName":"FACULTY OF NURSING CMU","payerAccountNumber":"5662488652","payerAccountName":"พัชรพล ปิงยศ","payerName":"พัชรพล ปิงยศ","sendingBankCode":"014","receivingBankCode":"014","amount":"100.00","transactionId":"53a2d769b8d5418a96c77507393d4b9a","transactionDateandTime":"2025-11-04T09:39:56.597+07:00","billPaymentRef1":"256812120687951","billPaymentRef2":"1500701252395","currencyCode":"764","channelCode":"PMH","transactionType":"Domestic Transfers"}
[2025-12-16 17:13:25] API Response (HTTP 200): {
    "resCode": "00",
    "resDesc": "success",
    "transactionId": "53a2d769b8d5418a96c77507393d4b9a",
    "confirmId": "CNF202512161713253837"
}
[2025-12-16 17:16:12] Incoming: {"payeeProxyId":"099400258783792","payeeProxyType":"BILLERID","payeeAccountNumber":"5663044095","payeeName":"FACULTY OF NURSING CMU","payerAccountNumber":"5662488652","payerAccountName":"พัชรพล ปิงยศ","payerName":"พัชรพล ปิงยศ","sendingBankCode":"014","receivingBankCode":"014","amount":"100.00","transactionId":"63a2d769b8d5418a96c77507393d4b9a","transactionDateandTime":"2025-11-04T09:39:56.597+07:00","billPaymentRef1":"256812120673580","billPaymentRef2":"1500701252395","currencyCode":"764","channelCode":"PMH","transactionType":"Domestic Transfers"}
[2025-12-16 17:16:12] API Response (HTTP 200): {
    "resCode": "00",
    "resDesc": "success",
    "transactionId": "63a2d769b8d5418a96c77507393d4b9a",
    "confirmId": "CNF202512161716128146"
}
[2025-12-16 18:00:17] Incoming: {"payeeProxyId":"099400258783792","payeeProxyType":"BILLERID","payeeAccountNumber":"5663044095","payeeName":"FACULTY OF NURSING CMU","payerAccountNumber":"5662488652","payerAccountName":"พัชรพล ปิงยศ","payerName":"พัชรพล ปิงยศ","sendingBankCode":"014","receivingBankCode":"014","amount":"500.00","transactionId":"63a2d769a8d5418a96c77507393d4b9a","transactionDateandTime":"2025-11-04T09:39:56.597+07:00","billPaymentRef1":"256812120756996","billPaymentRef2":"1500701252395","currencyCode":"764","channelCode":"PMH","transactionType":"Domestic Transfers"}
[2025-12-16 18:00:17] API Response (HTTP 200): {
    "resCode": "00",
    "resDesc": "success",
    "transactionId": "63a2d769a8d5418a96c77507393d4b9a",
    "confirmId": "CNF202512161800175238"
}
[2025-12-16 18:19:18] Incoming: {"payeeProxyId":"099400258783792","payeeProxyType":"BILLERID","payeeAccountNumber":"5663044095","payeeName":"FACULTY OF NURSING CMU","payerAccountNumber":"5662488652","payerAccountName":"พัชรพล ปิงยศ","payerName":"พัชรพล ปิงยศ","sendingBankCode":"014","receivingBankCode":"014","amount":"5000.00","transactionId":"57a2d569b8d5418a96c77507393d4b9a","transactionDateandTime":"2025-11-04T09:39:56.597+07:00","billPaymentRef1":"256812120654383","billPaymentRef2":"1500701252395","currencyCode":"764","channelCode":"PMH","transactionType":"Domestic Transfers"}
[2025-12-16 18:19:18] API Response (HTTP 200): {
    "resCode": "00",
    "resDesc": "success",
    "transactionId": "57a2d569b8d5418a96c77507393d4b9a",
    "confirmId": "CNF202512161819181185"
}
[2025-12-17 05:35:09] Incoming: {"payeeProxyId":"099400258783792","payeeProxyType":"BILLERID","payeeAccountNumber":"5663044095","payeeName":"FACULTY OF NURSING CMU","payerAccountNumber":"5662488652","payerAccountName":"พัชรพล ปิงยศ","payerName":"พัชรพล ปิงยศ","sendingBankCode":"014","receivingBankCode":"014","amount":"5000.00","transactionId":"57a2d569b8d5418a96c77507393d4b9a","transactionDateandTime":"2025-11-04T09:39:56.597+07:00","billPaymentRef1":"256812120512635","billPaymentRef2":"1500701252395","currencyCode":"764","channelCode":"PMH","transactionType":"Domestic Transfers"}
[2025-12-17 05:35:09] API Response (HTTP 200): {
    "resCode": "00",
    "resDesc": "success",
    "transactionId": "57a2d569b8d5418a96c77507393d4b9a",
    "confirmId": "CNF202512170535091405"
}
[2025-12-17 05:45:50] Incoming: {"payeeProxyId":"099400258783792","payeeProxyType":"BILLERID","payeeAccountNumber":"5663044095","payeeName":"FACULTY OF NURSING CMU","payerAccountNumber":"5662488652","payerAccountName":"พัชรพล ปิงยศ","payerName":"พัชรพล ปิงยศ","sendingBankCode":"014","receivingBankCode":"014","amount":"1000.00","transactionId":"58a2d569b8d5418a96c77507393d4b9a","transactionDateandTime":"2025-11-04T09:39:56.597+07:00","billPaymentRef1":"256812120772043","billPaymentRef2":"1500701252396","currencyCode":"764","channelCode":"PMH","transactionType":"Domestic Transfers"}
[2025-12-17 05:45:50] API Response (HTTP 200): {
    "resCode": "00",
    "resDesc": "success",
    "transactionId": "58a2d569b8d5418a96c77507393d4b9a",
    "confirmId": "CNF202512170545507078"
}
[2025-12-17 05:53:30] Incoming: {"payeeProxyId":"099400258783792","payeeProxyType":"BILLERID","payeeAccountNumber":"5663044095","payeeName":"FACULTY OF NURSING CMU","payerAccountNumber":"5662488652","payerAccountName":"พัชรพล ปิงยศ","payerName":"พัชรพล ปิงยศ","sendingBankCode":"014","receivingBankCode":"014","amount":"500.00","transactionId":"59a2d569b8d5418a96c77507393d4b9a","transactionDateandTime":"2025-11-04T09:39:56.597+07:00","billPaymentRef1":"256812120660713","billPaymentRef2":"1500701252396","currencyCode":"764","channelCode":"PMH","transactionType":"Domestic Transfers"}
[2025-12-17 05:53:30] API Response (HTTP 200): {
    "resCode": "00",
    "resDesc": "success",
    "transactionId": "59a2d569b8d5418a96c77507393d4b9a",
    "confirmId": "CNF202512170553304502"
}
[2025-12-17 07:08:43] Incoming: {"payeeProxyId":"099400258783792","payeeProxyType":"BILLERID","payeeAccountNumber":"5663044095","payeeName":"FACULTY OF NURSING CMU","payerAccountNumber":"5662488652","payerAccountName":"พัชรพล ปิงยศ","payerName":"พัชรพล ปิงยศ","sendingBankCode":"014","receivingBankCode":"014","amount":"5000.00","transactionId":"59a2d569b8d5418a96c77507393d4b9a","transactionDateandTime":"2025-11-04T09:39:56.597+07:00","billPaymentRef1":"256812120646207","billPaymentRef2":"1500701252396","currencyCode":"764","channelCode":"PMH","transactionType":"Domestic Transfers"}
[2025-12-17 07:08:43] API Response (HTTP 200): {
    "resCode": "00",
    "resDesc": "success",
    "transactionId": "59a2d569b8d5418a96c77507393d4b9a",
    "confirmId": "CNF202512170708437424"
}
[2025-12-17 07:13:02] Incoming: {"payeeProxyId":"099400258783792","payeeProxyType":"BILLERID","payeeAccountNumber":"5663044095","payeeName":"FACULTY OF NURSING CMU","payerAccountNumber":"5662488652","payerAccountName":"พัชรพล ปิงยศ","payerName":"พัชรพล ปิงยศ","sendingBankCode":"014","receivingBankCode":"014","amount":"5000.00","transactionId":"60a2d569b8d5418a96c77507393d4b9a","transactionDateandTime":"2025-11-04T09:39:56.597+07:00","billPaymentRef1":"256812120786256","billPaymentRef2":"1500701252395","currencyCode":"764","channelCode":"PMH","transactionType":"Domestic Transfers"}
[2025-12-17 07:13:02] API Response (HTTP 200): {
    "resCode": "00",
    "resDesc": "success",
    "transactionId": "60a2d569b8d5418a96c77507393d4b9a",
    "confirmId": "CNF202512170713026916"
}
[2025-12-17 07:36:47] Incoming: {"payeeProxyId":"099400258783792","payeeProxyType":"BILLERID","payeeAccountNumber":"5663044095","payeeName":"FACULTY OF NURSING CMU","payerAccountNumber":"5662488652","payerAccountName":"พัชรพล ปิงยศ","payerName":"พัชรพล ปิงยศ","sendingBankCode":"014","receivingBankCode":"014","amount":"2000000.00","transactionId":"61a2d569b8d5418a96c77507393d4b9a","transactionDateandTime":"2025-11-04T09:39:56.597+07:00","billPaymentRef1":"256812120693036","billPaymentRef2":"1500701252395","currencyCode":"764","channelCode":"PMH","transactionType":"Domestic Transfers"}
[2025-12-17 07:36:47] API Response (HTTP 200): {
    "resCode": "00",
    "resDesc": "success",
    "transactionId": "61a2d569b8d5418a96c77507393d4b9a",
    "confirmId": "CNF202512170736474757"
}
[2025-12-17 07:45:31] Incoming: {"payeeProxyId":"099400258783792","payeeProxyType":"BILLERID","payeeAccountNumber":"5663044095","payeeName":"FACULTY OF NURSING CMU","payerAccountNumber":"5662488652","payerAccountName":"พัชรพล ปิงยศ","payerName":"พัชรพล ปิงยศ","sendingBankCode":"014","receivingBankCode":"014","amount":"100.00","transactionId":"61a2d569b8d5418a96c77507393d4b9a","transactionDateandTime":"2025-11-04T09:39:56.597+07:00","billPaymentRef1":"256812120650218","billPaymentRef2":"1500701252395","currencyCode":"764","channelCode":"PMH","transactionType":"Domestic Transfers"}
[2025-12-17 07:45:31] API Response (HTTP 200): {
    "resCode": "00",
    "resDesc": "success",
    "transactionId": "61a2d569b8d5418a96c77507393d4b9a",
    "confirmId": "CNF202512170736474757"
}
[2025-12-17 07:45:47] Incoming: {"payeeProxyId":"099400258783792","payeeProxyType":"BILLERID","payeeAccountNumber":"5663044095","payeeName":"FACULTY OF NURSING CMU","payerAccountNumber":"5662488652","payerAccountName":"พัชรพล ปิงยศ","payerName":"พัชรพล ปิงยศ","sendingBankCode":"014","receivingBankCode":"014","amount":"100.00","transactionId":"62b2d569b8d5418a96c77507393d4b9a","transactionDateandTime":"2025-11-04T09:39:56.597+07:00","billPaymentRef1":"256812120650218","billPaymentRef2":"1500701252395","currencyCode":"764","channelCode":"PMH","transactionType":"Domestic Transfers"}
[2025-12-17 07:45:47] API Response (HTTP 200): {
    "resCode": "00",
    "resDesc": "success",
    "transactionId": "62b2d569b8d5418a96c77507393d4b9a",
    "confirmId": "CNF202512170745475065"
}
[2025-12-17 08:16:20] Incoming: {"payeeProxyId":"099400258783792","payeeProxyType":"BILLERID","payeeAccountNumber":"5663044095","payeeName":"FACULTY OF NURSING CMU","payerAccountNumber":"5662488652","payerAccountName":"พัชรพล ปิงยศ","payerName":"พัชรพล ปิงยศ","sendingBankCode":"014","receivingBankCode":"014","amount":"100.00","transactionId":"62b2d569b8d5418a96c87507393d4b9a","transactionDateandTime":"2025-11-04T09:39:56.597+07:00","billPaymentRef1":"256812120631756","billPaymentRef2":"1500701252395","currencyCode":"764","channelCode":"PMH","transactionType":"Domestic Transfers"}
[2025-12-17 08:16:20] API Response (HTTP 200): {
    "resCode": "00",
    "resDesc": "success",
    "transactionId": "62b2d569b8d5418a96c87507393d4b9a",
    "confirmId": "CNF202512170816209514"
}
[2025-12-17 08:22:45] Incoming: {"payeeProxyId":"099400258783792","payeeProxyType":"BILLERID","payeeAccountNumber":"5663044095","payeeName":"FACULTY OF NURSING CMU","payerAccountNumber":"5662488652","payerAccountName":"พัชรพล ปิงยศ","payerName":"พัชรพล ปิงยศ","sendingBankCode":"014","receivingBankCode":"014","amount":"1000.00","transactionId":"62b2d569b8a5418a96c87507393d4b9a","transactionDateandTime":"2025-11-04T09:39:56.597+07:00","billPaymentRef1":"256812120738510","billPaymentRef2":"1500701252395","currencyCode":"764","channelCode":"PMH","transactionType":"Domestic Transfers"}
[2025-12-17 08:22:45] API Response (HTTP 200): {
    "resCode": "00",
    "resDesc": "success",
    "transactionId": "62b2d569b8a5418a96c87507393d4b9a",
    "confirmId": "CNF202512170822458560"
}
[2025-12-17 08:31:05] Incoming: {"payeeProxyId":"099400258783792","payeeProxyType":"BILLERID","payeeAccountNumber":"5663044095","payeeName":"FACULTY OF NURSING CMU","payerAccountNumber":"5662488652","payerAccountName":"พัชรพล ปิงยศ","payerName":"พัชรพล ปิงยศ","sendingBankCode":"014","receivingBankCode":"014","amount":"500.00","transactionId":"62b2d569b8a5418a96c87507394d4b9a","transactionDateandTime":"2025-11-04T09:39:56.597+07:00","billPaymentRef1":"256812120634109","billPaymentRef2":"1500701252395","currencyCode":"764","channelCode":"PMH","transactionType":"Domestic Transfers"}
[2025-12-17 08:31:05] API Response (HTTP 200): {
    "resCode": "00",
    "resDesc": "success",
    "transactionId": "62b2d569b8a5418a96c87507394d4b9a",
    "confirmId": "CNF202512170831059468"
}
